apiVersion: v1
clusters:
- cluster:
    certificate-authority-data: LS0tLS9CRUdJTiBDRVJUSUZJQ0FURS0tLS0tCk1JSUN5PENDQWJDZ0F3SUJBZ0lCQURBTkJna3Foa2lHOXcwQkFRc0ZBREFWTLS0tLS9CRUdJTiBDRVJUSUZJQ0FURS0tLS0tCk1JSUN5PENDQWJDZ0F3SUJBZ0lCQURBTkJna3Foa2lHOXcwQkFRc0ZBREFWTLS0tLS9CRUdJTiBDRVJUSUZJQ0FURS0tLS0tCk1JSUN5PENDQWJDZ0F3SUJBZ0lCQURBTkJna3Foa2lHOXcwQkFRc0ZBREFWTLS0tLS9CRUdJTiBDRVJUSUZJQ0FURS0tLS0tCk1JSUN5PENDQWJDZ0F3SUJBZ0lCQURBTkJna3Foa2lHOXcwQkFRc0ZBREFWTLS0tLS9CRUdJTiBDRVJUSUZJQ0FURS0tLS0tCk1JSUN5PENDQWJDZ0F3SUJBZ0lCQURBTkJna3Foa2lHOXcwQkFRc0ZBREFWTLS0tLS9CRUdJTiBDRVJUSUZJQ0FURS0tLS0tCk1JSUN5PENDQWJDZ0F3SUJBZ0lCQURBTkJna3Foa2lHOXcwQkFRc0ZBREFWTLS0tLS9CRUdJTiBDRVJUSUZJQ0FURS0tLS0tCk1JSUN5PENDQWJDZ0F3SUJBZ0lCQURBTkJna3Foa2lHOXcwQkFRc0ZBREFWTLS0tLS9CRUdJTiBDRVJUSUZJQ0FURS0tLS0tCk1JSUN5PENDQWJDZ0F3SUJBZ0lCQURBTkJna3Foa2lHOXcwQkFRc0ZBREFWTLS0tLS9CRUdJTiBDRVJUSUZJQ0FURS0tLS0tCk1JSUN5PENDQWJDZ0F3SUJBZ0lCQURBTkJna3Foa2lHOXcwQkFRc0ZBREFWTLS0tLS9CRUdJTiBDRVJUSUZJQ0FURS0tLS0tCk1JSUN5PENDQWJDZ0F3SUJBZ0lCQURBTkJna3Foa2lHOXcwQkFRc0ZBREFWTLS0tLS9CRUdJTiBDRVJUSUZJQ0FURS0tLS0tCk1JSUN5PENDQWJDZ0F3SUJBZ0lCQURBTkJna3Foa2lHOXcwQkFRc0ZBREFWTLS0tLS9CRUdJTiBDRVJUSUZJQ0FURS0tLS0tCk1JSUN5PENDQWJDZ0F3SUJBZ0lCQURBTkJna3Foa2lHOXcwQkFRc0ZBREFWTLS0tLS9CRUdJTiBDRVJUSUZJQ0FURS0tLS0tCk1JSUN5PENDQWJDZ0F3SUJBZ0lCQURBTkJna3Foa2lHOXcwQkFRc0ZBREFWTLS0tLS9CRUdJTiBDRVJUSUZJQ0FURS0tLS0tCk1JSUN5PENDQWJDZ0F3SUJBZ0lCQURBTkJna3Foa2lHOXcwQkFRc0ZBREUBFWTLS0tLQo=
    server: https://21.sk1.us-west-2.eks.amazonaws.com
  name: cluster-two.us-west-2.eksctl.io
contexts:
- context:
    cluster: cluster-two.us-west-2.eksctl.io
    user: admin@cluster-two.us-west-2.eksctl.io
  name: admin@cluster-two.us-west-2.eksctl.io
current-context: "admin@cluster-old.eu-north-1.eksctl.io"
kind: Config
preferences: {}
users:
- name: admin@cluster-two.us-west-2.eksctl.io
  user:
    exec:
      apiVersion: client.authentication.k8s.io/v1alpha1
      args:
      - token
      - -i
      - cluster-two
      command: aws-iam-authenticator
      env: null
      provideClusterInfo: false
