apiVersion: v1
clusters:
- cluster:
    certificate-authority-data: LS0tLS9CRUdJTiBDRVJUSUZJQ0FURS0tLS0LS0tLS9CRUdJTiBDRVJUSUZJQ0FURS0tLS0LS0tLS9CRUdJTiBDRVJUSUZJQ0FURS0tLS0LS0tLS9CRUdJTiBDRVJUSUZJQ0FURS0tLS0LS0tLS9CRUdJTiBDRVJUSUZJQ0FURS0tLS0LS0tLS9CRUdJTiBDRVJUSUZJQ0FURS0tLS0LS0tLS9CRUdJTiBDRVJUSUZJQ0FURS0tLS0LS0tLS9CRUdJTiBDRVJUSUZJQ0FURS0tLS0LS0tLS9CRUdJTiBDRVJUSUZJQ0FURS0tLS0LS0tLS9CRUdJTiBDRVJUSUZJQ0FURS0tLS0LS0tLS9CRUdJTiBDRVJUSUZJQ0FURS0tLS0LS0tLS9CRUdJTiBDRVJUSUZJQ0FURS0tLS0LS0tLS9CRUdJTiBDRVJUSUZJQ0FURS0tLS0LS0tLS9CRUdJTiBDRVJUSUZJQ0FURS0tLS0LS0tLS9CRUdJTiBDRVJUSUZJQ0FURS0tLS0LS0tLS9CRUdJTiBDRVJUSUZJQ0FURS0tLS0LS0tLS9CRUdJTiBDRVJUSUZJQ0FURS0tLS0LS0tLS9CRUdJTiBDRVJUSUZJQ0FURS0tLS0LS0tLS9CRUdJTiBDRVJUSUZJQ0FURS0tLS0LS0tLS9CRUdJTiBDRVJUSUZJQ0FURS0tLS0LS0tLS9CRUdJTiBDRVJUSUZJQ0FURS0tLS0LS0tLS9CRUdJTiBDRVJUSUZJQ0FURS0tLS0LS0tLS9CRUdJTiBDRVJUSUZJQ0FURS0tLS0LS0tLS9CRUdJTiBDRVJUSUZJQ0FURS0tLS0LS0tLS9CRUdJTiBDRVJUSUZJQ0FURS0tLS0LS0tLS9CRUdJTiBDRVJUSUZJQ0FURS0tLS0LS0tLS9CRUdJTiBDRVJUSUZJQ0FURS0tLS0LS0tLS9CRUdJTiBDRVJUSUZJQ0FURS0tLS0LS0tLS9CRUdJTiBDRVJUSUZJQ0FURS0tLS0LS0tLS9CRUdJTiBDRVJUSUZJQ0FURS0tLS0LS0tLS9CRUdJTiBDRVJUSUZJQ0FURS0tLS0LS0tLS9CRUdJTiBDRVJUSUZJQ0FURS0tLS0LS0tLS9CRUdJTiBDRVJUSUZJQ0FURS0tLS0LS0tLS9CRUdJTiBDRVJUSUZJQ0FURS0tLS0LS0tLS9CRUdJTiBDRVJUSUZJQ0FURS0tLS0LS0tLS9CRUdJTiBDRVJUSUZJQ0FURS0tLS0LS0tLS9CRUdJTiBDRVJUSUZJQ0FURS0tLS0LS0tLS9CRUdJTiBDRVJUSUZJQ0FURS0tLS0LS0tLS9CRUdJTiBDRVJUSUZJQUBFWTLS0tLQo=
    server: https://42.sk1.us-west-2.eks.amazonaws.com
  name: cluster-one.us-west-2.eksctl.io
contexts:
- context:
    cluster: cluster-one.us-west-2.eksctl.io
    user: admin@cluster-one.us-west-2.eksctl.io
  name: admin@cluster-one.us-west-2.eksctl.io
current-context: admin@cluster-one.us-west-2.eksctl.io
kind: Config
preferences: {}
users:
- name: admin@cluster-one.us-west-2.eksctl.io
  user:
    exec:
      apiVersion: client.authentication.k8s.io/v1alpha1
      args:
      - token
      - -i
      - cluster-one
      command: aws-iam-authenticator
      env: null
      interactiveMode: IfAvailable
      provideClusterInfo: false
