[
  {
    "Arn": "arn-12345678",
    "CertificateAuthority": null,
    "ClientRequestToken": null,
    "CreatedAt": "0001-01-01T00:00:00Z",
    "Endpoint": null,
    "Identity": null,
    "Logging": null,
    "Name": "test-cluster-1",
    "PlatformVersion": null,
    "ResourcesVpcConfig": {
      "ClusterSecurityGroupId": null,
      "EndpointPrivateAccess": null,
      "EndpointPublicAccess": null,
      "SecurityGroupIds": null,
      "SubnetIds": [
        "sub1",
        "sub2"
      ],
      "VpcId": "vpc-1234"
    },
    "RoleArn": null,
    "Status": "ACTIVE",
    "Tags": null,
    "Version": null
  },
  {
    "Arn": "arn-87654321",
    "CertificateAuthority": null,
    "ClientRequestToken": null,
    "CreatedAt": "0001-01-01T00:00:00Z",
    "Endpoint": null,
    "Identity": null,
    "Logging": null,
    "Name": "test-cluster-2",
    "PlatformVersion": null,
    "ResourcesVpcConfig": {
      "ClusterSecurityGroupId": null,
      "EndpointPrivateAccess": null,
      "EndpointPublicAccess": null,
      "SecurityGroupIds": null,
      "SubnetIds": [
        "sub1",
        "sub2"
      ],
      "VpcId": "vpc-1234"
    },
    "RoleArn": null,
    "Status": "ACTIVE",
    "Tags": null,
    "Version": null
  }
]
