- Id: null
  Arn: arn-12345678
  CertificateAuthority: null
  ClientRequestToken: null
  ConnectorConfig: null
  CreatedAt: "0001-01-01T00:00:00Z"
  AccessConfig:
    AuthenticationMode: API_AND_CONFIG_MAP
    BootstrapClusterCreatorAdminPermissions: true
  EncryptionConfig: null
  Endpoint: null
  Health: null
  Identity: null
  KubernetesNetworkConfig: null
  Logging: null
  Name: test-cluster
  OutpostConfig: null
  PlatformVersion: null
  ResourcesVpcConfig:
    ClusterSecurityGroupId: null
    EndpointPrivateAccess: false
    EndpointPublicAccess: false
    PublicAccessCidrs: null
    SecurityGroupIds: null
    SubnetIds:
    - sub1
    - sub2
    VpcId: vpc-1234
  RoleArn: null
  Status: ACTIVE
  Tags: null
  Version: null
